src/app/api/models/route.ts(18,35): error TS1127: Invalid character.
src/app/api/models/route.ts(18,36): error TS1136: Property assignment expected.
src/app/api/models/route.ts(31,1): error TS1160: Unterminated template literal.
src/app/page.tsx(46,13): error TS1127: Invalid character.
src/app/page.tsx(46,14): error TS1136: Property assignment expected.
src/app/page.tsx(139,1): error TS1160: Unterminated template literal.
src/components/dashboard/MainDashboard.tsx(23,27): error TS1127: Invalid character.
src/components/dashboard/MainDashboard.tsx(23,114): error TS1381: Unexpected token. Did you mean `{'}'}` or `&rbrace;`?
src/components/dashboard/MainDashboard.tsx(23,115): error TS1382: Unexpected token. Did you mean `{'>'}` or `&gt;`?
src/components/dashboard/MainDashboard.tsx(28,7): error TS1005: ')' expected.
src/components/dashboard/MainDashboard.tsx(56,5): error TS1128: Declaration or statement expected.
src/components/dashboard/MainDashboard.tsx(57,3): error TS1109: Expression expected.
src/components/lines/ConnectionLines.tsx(20,47): error TS1127: Invalid character.
src/components/lines/ConnectionLines.tsx(76,1): error TS1160: Unterminated template literal.
src/lib/utils/zipHelper.ts(22,19): error TS1127: Invalid character.
src/lib/utils/zipHelper.ts(24,1): error TS1160: Unterminated template literal.
